// Bun Snapshot v1, https://goo.gl/fbAQLP

exports[`should convert C2913206 into typescript file 1`] = `
"const pinLabels = {
  "1": "pin1",
  "2": "pin2",
  "3": "pin3",
  "4": "pin4",
  "5": "pin5",
  "6": "pin6",
  "7": "pin7",
  "8": "pin8",
  "9": "pin9",
  "10": "pin10",
  "11": "pin11",
  "12": "pin12",
  "13": "pin13",
  "14": "pin14",
  "15": "pin15",
  "16": "pin16",
  "17": "pin17",
  "18": "pin18",
  "19": "pin19",
  "20": "pin20",
  "21": "pin21",
  "22": "pin22",
  "23": "pin23",
  "24": "pin24",
  "25": "pin25",
  "26": "pin26",
  "27": "pin27",
  "28": "pin28",
  "29": "pin29",
  "30": "pin30",
  "31": "pin31",
  "32": "pin32",
  "33": "pin33",
  "34": "pin34",
  "35": "pin35",
  "36": "pin36",
  "37": "pin37",
  "38": "pin38",
  "39": "pin39",
  "40": "pin40",
  "41": "pin41",
  "42": "pin42",
  "43": "pin43",
  "44": "pin44",
  "45": "pin45",
  "46": "pin46",
  "47": "pin47",
  "48": "pin48",
  "49": "pin49",
  "50": "pin50",
  "51": "pin51",
  "52": "pin52",
  "53": "pin53",
  "54": "pin54",
  "55": "pin55",
  "56": "pin56",
  "57": "pin57",
  "58": "pin58",
  "59": "pin59",
  "60": "pin60",
  "61": "pin61"
}"
`;
